001 - ObjectId nije validan pri updateu 
002 - Server neuspesno izvrsio update/add/get (moze biti povezivanje sa bazom)
003 - Request napravljen serveru ali server nije odgovorio
004 - Nije uspeo da se napravi request
005 - Baza nije vratila get za getAllProducts() ili getAvailableProducts()
006 - Server uhvatio gresku pri okidanju getAllProducts
007 - Axios je uhvatio gresku pri okidanju /getProducts
008 - Insert u bazu failed
009 - Get za individualni product nije prosao (mozda id nije adekvatan)
010 - Delete nije prosao
011 - Server je uhvatio gresku pri okidanju remove proizvodjaca